Fri Jun 10 16:43:27 CST 2022
